[00:12:55] [Server thread/INFO]: hhh lost connection: Disconnected
[00:12:55] [Server thread/INFO]: hhh left the game
[00:13:03] [Server thread/INFO]: CONSOLE: Please note that this command is not supported and may cause issues when using some plugins.
[00:13:03] [Server thread/INFO]: CONSOLE: If you encounter any issues please use the /stop command to restart your server.
[00:13:03] [Server thread/INFO]: *** This version of Spigot contains changes to some enums. If you notice that plugins no longer work after updating, please report this to the developers of those plugins first. ***
[00:13:03] [Server thread/INFO]: *** If you cannot update those plugins, you can try setting `settings.compatibility.enum-compatibility-mode` to `true` in `bukkit.yml`. ***
[00:13:03] [Server thread/INFO]: Debug logging is disabled
[00:13:03] [Server thread/INFO]: Using 4 threads for Netty based IO
[00:13:03] [Server thread/INFO]: Server Ping Player Sample Count: 12
[00:13:03] [Server thread/INFO]: -------- World Settings For [world] --------
[00:13:03] [Server thread/INFO]: Entity Activation Range: An 32 / Mo 32 / Ra 48 / Mi 16 / Tiv true / Isa false
[00:13:03] [Server thread/INFO]: Item Despawn Rate: 6000
[00:13:03] [Server thread/INFO]: Item Merge Radius: 2.5
[00:13:03] [Server thread/INFO]: Allow Zombie Pigmen to spawn from portal blocks: true
[00:13:03] [Server thread/INFO]: Simulation Distance: 10
[00:13:03] [Server thread/INFO]: View Distance: 10
[00:13:03] [Server thread/INFO]: Arrow Despawn Rate: 1200 Trident Respawn Rate:1200
[00:13:03] [Server thread/INFO]: Zombie Aggressive Towards Villager: true
[00:13:03] [Server thread/INFO]: Nerfing mobs spawned from spawners: false
[00:13:03] [Server thread/INFO]: Mob Spawn Range: 6
[00:13:03] [Server thread/INFO]: Custom Map Seeds:  Village: 10387312 Desert: 14357617 Igloo: 14357618 Jungle: 14357619 Swamp: 14357620 Monument: 10387313 Ocean: 14357621 Shipwreck: 165745295 End City: 10387313 Slime: 987234911 Nether: 30084232 Mansion: 10387319 Fossil: 14357921 Portal: 34222645
[00:13:03] [Server thread/INFO]: Max TNT Explosions: 100
[00:13:03] [Server thread/INFO]: Tile Max Tick Time: 50ms Entity max Tick Time: 50ms
[00:13:03] [Server thread/INFO]: Cactus Growth Modifier: 100%
[00:13:03] [Server thread/INFO]: Cane Growth Modifier: 100%
[00:13:03] [Server thread/INFO]: Melon Growth Modifier: 100%
[00:13:03] [Server thread/INFO]: Mushroom Growth Modifier: 100%
[00:13:03] [Server thread/INFO]: Pumpkin Growth Modifier: 100%
[00:13:03] [Server thread/INFO]: Sapling Growth Modifier: 100%
[00:13:03] [Server thread/INFO]: Beetroot Growth Modifier: 100%
[00:13:03] [Server thread/INFO]: Carrot Growth Modifier: 100%
[00:13:03] [Server thread/INFO]: Potato Growth Modifier: 100%
[00:13:03] [Server thread/INFO]: Wheat Growth Modifier: 100%
[00:13:03] [Server thread/INFO]: NetherWart Growth Modifier: 100%
[00:13:03] [Server thread/INFO]: Vine Growth Modifier: 100%
[00:13:03] [Server thread/INFO]: Cocoa Growth Modifier: 100%
[00:13:03] [Server thread/INFO]: Bamboo Growth Modifier: 100%
[00:13:03] [Server thread/INFO]: SweetBerry Growth Modifier: 100%
[00:13:03] [Server thread/INFO]: Kelp Growth Modifier: 100%
[00:13:03] [Server thread/INFO]: TwistingVines Growth Modifier: 100%
[00:13:03] [Server thread/INFO]: WeepingVines Growth Modifier: 100%
[00:13:03] [Server thread/INFO]: CaveVines Growth Modifier: 100%
[00:13:03] [Server thread/INFO]: Entity Tracking Range: Pl 48 / An 48 / Mo 48 / Mi 32 / Di 128 / Other 64
[00:13:03] [Server thread/INFO]: Experience Merge Radius: 3.0
[00:13:03] [Server thread/INFO]: Hopper Transfer: 8 Hopper Check: 1 Hopper Amount: 1 Hopper Can Load Chunks: false
[00:13:03] [Server thread/INFO]: -------- World Settings For [world_nether] --------
[00:13:03] [Server thread/INFO]: Entity Activation Range: An 32 / Mo 32 / Ra 48 / Mi 16 / Tiv true / Isa false
[00:13:03] [Server thread/INFO]: Item Despawn Rate: 6000
[00:13:03] [Server thread/INFO]: Item Merge Radius: 2.5
[00:13:03] [Server thread/INFO]: Allow Zombie Pigmen to spawn from portal blocks: true
[00:13:03] [Server thread/INFO]: Simulation Distance: 10
[00:13:03] [Server thread/INFO]: View Distance: 10
[00:13:03] [Server thread/INFO]: Arrow Despawn Rate: 1200 Trident Respawn Rate:1200
[00:13:03] [Server thread/INFO]: Zombie Aggressive Towards Villager: true
[00:13:03] [Server thread/INFO]: Nerfing mobs spawned from spawners: false
[00:13:03] [Server thread/INFO]: Mob Spawn Range: 6
[00:13:03] [Server thread/INFO]: Custom Map Seeds:  Village: 10387312 Desert: 14357617 Igloo: 14357618 Jungle: 14357619 Swamp: 14357620 Monument: 10387313 Ocean: 14357621 Shipwreck: 165745295 End City: 10387313 Slime: 987234911 Nether: 30084232 Mansion: 10387319 Fossil: 14357921 Portal: 34222645
[00:13:03] [Server thread/INFO]: Max TNT Explosions: 100
[00:13:03] [Server thread/INFO]: Tile Max Tick Time: 50ms Entity max Tick Time: 50ms
[00:13:03] [Server thread/INFO]: Cactus Growth Modifier: 100%
[00:13:03] [Server thread/INFO]: Cane Growth Modifier: 100%
[00:13:03] [Server thread/INFO]: Melon Growth Modifier: 100%
[00:13:03] [Server thread/INFO]: Mushroom Growth Modifier: 100%
[00:13:03] [Server thread/INFO]: Pumpkin Growth Modifier: 100%
[00:13:03] [Server thread/INFO]: Sapling Growth Modifier: 100%
[00:13:03] [Server thread/INFO]: Beetroot Growth Modifier: 100%
[00:13:03] [Server thread/INFO]: Carrot Growth Modifier: 100%
[00:13:03] [Server thread/INFO]: Potato Growth Modifier: 100%
[00:13:03] [Server thread/INFO]: Wheat Growth Modifier: 100%
[00:13:03] [Server thread/INFO]: NetherWart Growth Modifier: 100%
[00:13:03] [Server thread/INFO]: Vine Growth Modifier: 100%
[00:13:03] [Server thread/INFO]: Cocoa Growth Modifier: 100%
[00:13:03] [Server thread/INFO]: Bamboo Growth Modifier: 100%
[00:13:03] [Server thread/INFO]: SweetBerry Growth Modifier: 100%
[00:13:03] [Server thread/INFO]: Kelp Growth Modifier: 100%
[00:13:03] [Server thread/INFO]: TwistingVines Growth Modifier: 100%
[00:13:03] [Server thread/INFO]: WeepingVines Growth Modifier: 100%
[00:13:03] [Server thread/INFO]: CaveVines Growth Modifier: 100%
[00:13:03] [Server thread/INFO]: Entity Tracking Range: Pl 48 / An 48 / Mo 48 / Mi 32 / Di 128 / Other 64
[00:13:03] [Server thread/INFO]: Experience Merge Radius: 3.0
[00:13:03] [Server thread/INFO]: Hopper Transfer: 8 Hopper Check: 1 Hopper Amount: 1 Hopper Can Load Chunks: false
[00:13:03] [Server thread/INFO]: -------- World Settings For [world_the_end] --------
[00:13:03] [Server thread/INFO]: Entity Activation Range: An 32 / Mo 32 / Ra 48 / Mi 16 / Tiv true / Isa false
[00:13:03] [Server thread/INFO]: Item Despawn Rate: 6000
[00:13:03] [Server thread/INFO]: Item Merge Radius: 2.5
[00:13:03] [Server thread/INFO]: Allow Zombie Pigmen to spawn from portal blocks: true
[00:13:03] [Server thread/INFO]: Simulation Distance: 10
[00:13:03] [Server thread/INFO]: View Distance: 10
[00:13:03] [Server thread/INFO]: Arrow Despawn Rate: 1200 Trident Respawn Rate:1200
[00:13:03] [Server thread/INFO]: Zombie Aggressive Towards Villager: true
[00:13:03] [Server thread/INFO]: Nerfing mobs spawned from spawners: false
[00:13:03] [Server thread/INFO]: Mob Spawn Range: 6
[00:13:03] [Server thread/INFO]: Custom Map Seeds:  Village: 10387312 Desert: 14357617 Igloo: 14357618 Jungle: 14357619 Swamp: 14357620 Monument: 10387313 Ocean: 14357621 Shipwreck: 165745295 End City: 10387313 Slime: 987234911 Nether: 30084232 Mansion: 10387319 Fossil: 14357921 Portal: 34222645
[00:13:03] [Server thread/INFO]: Max TNT Explosions: 100
[00:13:03] [Server thread/INFO]: Tile Max Tick Time: 50ms Entity max Tick Time: 50ms
[00:13:03] [Server thread/INFO]: Cactus Growth Modifier: 100%
[00:13:03] [Server thread/INFO]: Cane Growth Modifier: 100%
[00:13:03] [Server thread/INFO]: Melon Growth Modifier: 100%
[00:13:03] [Server thread/INFO]: Mushroom Growth Modifier: 100%
[00:13:03] [Server thread/INFO]: Pumpkin Growth Modifier: 100%
[00:13:03] [Server thread/INFO]: Sapling Growth Modifier: 100%
[00:13:03] [Server thread/INFO]: Beetroot Growth Modifier: 100%
[00:13:03] [Server thread/INFO]: Carrot Growth Modifier: 100%
[00:13:03] [Server thread/INFO]: Potato Growth Modifier: 100%
[00:13:03] [Server thread/INFO]: Wheat Growth Modifier: 100%
[00:13:03] [Server thread/INFO]: NetherWart Growth Modifier: 100%
[00:13:03] [Server thread/INFO]: Vine Growth Modifier: 100%
[00:13:03] [Server thread/INFO]: Cocoa Growth Modifier: 100%
[00:13:03] [Server thread/INFO]: Bamboo Growth Modifier: 100%
[00:13:03] [Server thread/INFO]: SweetBerry Growth Modifier: 100%
[00:13:03] [Server thread/INFO]: Kelp Growth Modifier: 100%
[00:13:03] [Server thread/INFO]: TwistingVines Growth Modifier: 100%
[00:13:03] [Server thread/INFO]: WeepingVines Growth Modifier: 100%
[00:13:03] [Server thread/INFO]: CaveVines Growth Modifier: 100%
[00:13:03] [Server thread/INFO]: Entity Tracking Range: Pl 48 / An 48 / Mo 48 / Mi 32 / Di 128 / Other 64
[00:13:03] [Server thread/INFO]: Experience Merge Radius: 3.0
[00:13:03] [Server thread/INFO]: Hopper Transfer: 8 Hopper Check: 1 Hopper Amount: 1 Hopper Can Load Chunks: false
[00:13:03] [Server thread/INFO]: [HelloWorldPlugin] Disabling HelloWorldPlugin v1.0-SNAPSHOT
[00:13:03] [Server thread/INFO]: [HelloWorldPlugin] gooldBye
[00:13:03] [Server thread/INFO]: [hello_spigot] Disabling hello_spigot v1.0-SNAPSHOT
[00:13:04] [Server thread/INFO]: Loaded 1585 recipes
[00:13:04] [Server thread/INFO]: [hello_spigot] Loading hello_spigot v1.0-SNAPSHOT
[00:13:04] [Server thread/INFO]: [HelloWorldPlugin] Loading HelloWorldPlugin v1.0-SNAPSHOT
[00:13:04] [Server thread/INFO]: [hello_spigot] Enabling hello_spigot v1.0-SNAPSHOT
[00:13:04] [Server thread/INFO]: [hello_spigot] hello plugin
[00:13:04] [Server thread/INFO]: [HelloWorldPlugin] Enabling HelloWorldPlugin v1.0-SNAPSHOT
[00:13:04] [Server thread/INFO]: [HelloWorldPlugin] hello world
[00:13:04] [Server thread/INFO]: Server permissions file permissions.yml is empty, ignoring it
[00:13:04] [Server thread/INFO]: CONSOLE: Reload complete.
[00:13:35] [User Authenticator #11/INFO]: UUID of player hhh is e449d0b6-faa6-3322-9b40-7bed0fe2e69c
[00:13:36] [Server thread/INFO]: 野生的hhh出现了
[00:13:36] [Server thread/INFO]: hhh[/127.0.0.1:60329] logged in with entity id 31304 at ([world]13.699999988079071, 76.0, 12.699999988079071)
[00:13:43] [Server thread/INFO]: hhh lost connection: Disconnected
[00:13:43] [Server thread/INFO]: hhh left the game
[00:14:27] [Server thread/INFO]: CONSOLE: Please note that this command is not supported and may cause issues when using some plugins.
[00:14:27] [Server thread/INFO]: CONSOLE: If you encounter any issues please use the /stop command to restart your server.
[00:14:27] [Server thread/INFO]: *** This version of Spigot contains changes to some enums. If you notice that plugins no longer work after updating, please report this to the developers of those plugins first. ***
[00:14:27] [Server thread/INFO]: *** If you cannot update those plugins, you can try setting `settings.compatibility.enum-compatibility-mode` to `true` in `bukkit.yml`. ***
[00:14:27] [Server thread/INFO]: Debug logging is disabled
[00:14:27] [Server thread/INFO]: Using 4 threads for Netty based IO
[00:14:27] [Server thread/INFO]: Server Ping Player Sample Count: 12
[00:14:27] [Server thread/INFO]: -------- World Settings For [world] --------
[00:14:27] [Server thread/INFO]: Entity Activation Range: An 32 / Mo 32 / Ra 48 / Mi 16 / Tiv true / Isa false
[00:14:27] [Server thread/INFO]: Item Despawn Rate: 6000
[00:14:27] [Server thread/INFO]: Item Merge Radius: 2.5
[00:14:27] [Server thread/INFO]: Allow Zombie Pigmen to spawn from portal blocks: true
[00:14:27] [Server thread/INFO]: Simulation Distance: 10
[00:14:27] [Server thread/INFO]: View Distance: 10
[00:14:27] [Server thread/INFO]: Arrow Despawn Rate: 1200 Trident Respawn Rate:1200
[00:14:27] [Server thread/INFO]: Zombie Aggressive Towards Villager: true
[00:14:27] [Server thread/INFO]: Nerfing mobs spawned from spawners: false
[00:14:27] [Server thread/INFO]: Mob Spawn Range: 6
[00:14:27] [Server thread/INFO]: Custom Map Seeds:  Village: 10387312 Desert: 14357617 Igloo: 14357618 Jungle: 14357619 Swamp: 14357620 Monument: 10387313 Ocean: 14357621 Shipwreck: 165745295 End City: 10387313 Slime: 987234911 Nether: 30084232 Mansion: 10387319 Fossil: 14357921 Portal: 34222645
[00:14:27] [Server thread/INFO]: Max TNT Explosions: 100
[00:14:27] [Server thread/INFO]: Tile Max Tick Time: 50ms Entity max Tick Time: 50ms
[00:14:27] [Server thread/INFO]: Cactus Growth Modifier: 100%
[00:14:27] [Server thread/INFO]: Cane Growth Modifier: 100%
[00:14:27] [Server thread/INFO]: Melon Growth Modifier: 100%
[00:14:27] [Server thread/INFO]: Mushroom Growth Modifier: 100%
[00:14:27] [Server thread/INFO]: Pumpkin Growth Modifier: 100%
[00:14:27] [Server thread/INFO]: Sapling Growth Modifier: 100%
[00:14:27] [Server thread/INFO]: Beetroot Growth Modifier: 100%
[00:14:27] [Server thread/INFO]: Carrot Growth Modifier: 100%
[00:14:27] [Server thread/INFO]: Potato Growth Modifier: 100%
[00:14:27] [Server thread/INFO]: Wheat Growth Modifier: 100%
[00:14:27] [Server thread/INFO]: NetherWart Growth Modifier: 100%
[00:14:27] [Server thread/INFO]: Vine Growth Modifier: 100%
[00:14:27] [Server thread/INFO]: Cocoa Growth Modifier: 100%
[00:14:27] [Server thread/INFO]: Bamboo Growth Modifier: 100%
[00:14:27] [Server thread/INFO]: SweetBerry Growth Modifier: 100%
[00:14:27] [Server thread/INFO]: Kelp Growth Modifier: 100%
[00:14:27] [Server thread/INFO]: TwistingVines Growth Modifier: 100%
[00:14:27] [Server thread/INFO]: WeepingVines Growth Modifier: 100%
[00:14:27] [Server thread/INFO]: CaveVines Growth Modifier: 100%
[00:14:27] [Server thread/INFO]: Entity Tracking Range: Pl 48 / An 48 / Mo 48 / Mi 32 / Di 128 / Other 64
[00:14:27] [Server thread/INFO]: Experience Merge Radius: 3.0
[00:14:27] [Server thread/INFO]: Hopper Transfer: 8 Hopper Check: 1 Hopper Amount: 1 Hopper Can Load Chunks: false
[00:14:27] [Server thread/INFO]: -------- World Settings For [world_nether] --------
[00:14:27] [Server thread/INFO]: Entity Activation Range: An 32 / Mo 32 / Ra 48 / Mi 16 / Tiv true / Isa false
[00:14:27] [Server thread/INFO]: Item Despawn Rate: 6000
[00:14:27] [Server thread/INFO]: Item Merge Radius: 2.5
[00:14:27] [Server thread/INFO]: Allow Zombie Pigmen to spawn from portal blocks: true
[00:14:27] [Server thread/INFO]: Simulation Distance: 10
[00:14:27] [Server thread/INFO]: View Distance: 10
[00:14:27] [Server thread/INFO]: Arrow Despawn Rate: 1200 Trident Respawn Rate:1200
[00:14:27] [Server thread/INFO]: Zombie Aggressive Towards Villager: true
[00:14:27] [Server thread/INFO]: Nerfing mobs spawned from spawners: false
[00:14:27] [Server thread/INFO]: Mob Spawn Range: 6
[00:14:27] [Server thread/INFO]: Custom Map Seeds:  Village: 10387312 Desert: 14357617 Igloo: 14357618 Jungle: 14357619 Swamp: 14357620 Monument: 10387313 Ocean: 14357621 Shipwreck: 165745295 End City: 10387313 Slime: 987234911 Nether: 30084232 Mansion: 10387319 Fossil: 14357921 Portal: 34222645
[00:14:27] [Server thread/INFO]: Max TNT Explosions: 100
[00:14:27] [Server thread/INFO]: Tile Max Tick Time: 50ms Entity max Tick Time: 50ms
[00:14:27] [Server thread/INFO]: Cactus Growth Modifier: 100%
[00:14:27] [Server thread/INFO]: Cane Growth Modifier: 100%
[00:14:27] [Server thread/INFO]: Melon Growth Modifier: 100%
[00:14:27] [Server thread/INFO]: Mushroom Growth Modifier: 100%
[00:14:27] [Server thread/INFO]: Pumpkin Growth Modifier: 100%
[00:14:27] [Server thread/INFO]: Sapling Growth Modifier: 100%
[00:14:27] [Server thread/INFO]: Beetroot Growth Modifier: 100%
[00:14:27] [Server thread/INFO]: Carrot Growth Modifier: 100%
[00:14:27] [Server thread/INFO]: Potato Growth Modifier: 100%
[00:14:27] [Server thread/INFO]: Wheat Growth Modifier: 100%
[00:14:27] [Server thread/INFO]: NetherWart Growth Modifier: 100%
[00:14:27] [Server thread/INFO]: Vine Growth Modifier: 100%
[00:14:27] [Server thread/INFO]: Cocoa Growth Modifier: 100%
[00:14:27] [Server thread/INFO]: Bamboo Growth Modifier: 100%
[00:14:27] [Server thread/INFO]: SweetBerry Growth Modifier: 100%
[00:14:27] [Server thread/INFO]: Kelp Growth Modifier: 100%
[00:14:27] [Server thread/INFO]: TwistingVines Growth Modifier: 100%
[00:14:27] [Server thread/INFO]: WeepingVines Growth Modifier: 100%
[00:14:27] [Server thread/INFO]: CaveVines Growth Modifier: 100%
[00:14:27] [Server thread/INFO]: Entity Tracking Range: Pl 48 / An 48 / Mo 48 / Mi 32 / Di 128 / Other 64
[00:14:27] [Server thread/INFO]: Experience Merge Radius: 3.0
[00:14:27] [Server thread/INFO]: Hopper Transfer: 8 Hopper Check: 1 Hopper Amount: 1 Hopper Can Load Chunks: false
[00:14:27] [Server thread/INFO]: -------- World Settings For [world_the_end] --------
[00:14:27] [Server thread/INFO]: Entity Activation Range: An 32 / Mo 32 / Ra 48 / Mi 16 / Tiv true / Isa false
[00:14:27] [Server thread/INFO]: Item Despawn Rate: 6000
[00:14:27] [Server thread/INFO]: Item Merge Radius: 2.5
[00:14:27] [Server thread/INFO]: Allow Zombie Pigmen to spawn from portal blocks: true
[00:14:27] [Server thread/INFO]: Simulation Distance: 10
[00:14:27] [Server thread/INFO]: View Distance: 10
[00:14:27] [Server thread/INFO]: Arrow Despawn Rate: 1200 Trident Respawn Rate:1200
[00:14:27] [Server thread/INFO]: Zombie Aggressive Towards Villager: true
[00:14:27] [Server thread/INFO]: Nerfing mobs spawned from spawners: false
[00:14:27] [Server thread/INFO]: Mob Spawn Range: 6
[00:14:27] [Server thread/INFO]: Custom Map Seeds:  Village: 10387312 Desert: 14357617 Igloo: 14357618 Jungle: 14357619 Swamp: 14357620 Monument: 10387313 Ocean: 14357621 Shipwreck: 165745295 End City: 10387313 Slime: 987234911 Nether: 30084232 Mansion: 10387319 Fossil: 14357921 Portal: 34222645
[00:14:27] [Server thread/INFO]: Max TNT Explosions: 100
[00:14:27] [Server thread/INFO]: Tile Max Tick Time: 50ms Entity max Tick Time: 50ms
[00:14:27] [Server thread/INFO]: Cactus Growth Modifier: 100%
[00:14:27] [Server thread/INFO]: Cane Growth Modifier: 100%
[00:14:27] [Server thread/INFO]: Melon Growth Modifier: 100%
[00:14:27] [Server thread/INFO]: Mushroom Growth Modifier: 100%
[00:14:27] [Server thread/INFO]: Pumpkin Growth Modifier: 100%
[00:14:27] [Server thread/INFO]: Sapling Growth Modifier: 100%
[00:14:27] [Server thread/INFO]: Beetroot Growth Modifier: 100%
[00:14:27] [Server thread/INFO]: Carrot Growth Modifier: 100%
[00:14:27] [Server thread/INFO]: Potato Growth Modifier: 100%
[00:14:27] [Server thread/INFO]: Wheat Growth Modifier: 100%
[00:14:27] [Server thread/INFO]: NetherWart Growth Modifier: 100%
[00:14:27] [Server thread/INFO]: Vine Growth Modifier: 100%
[00:14:27] [Server thread/INFO]: Cocoa Growth Modifier: 100%
[00:14:27] [Server thread/INFO]: Bamboo Growth Modifier: 100%
[00:14:27] [Server thread/INFO]: SweetBerry Growth Modifier: 100%
[00:14:27] [Server thread/INFO]: Kelp Growth Modifier: 100%
[00:14:27] [Server thread/INFO]: TwistingVines Growth Modifier: 100%
[00:14:27] [Server thread/INFO]: WeepingVines Growth Modifier: 100%
[00:14:27] [Server thread/INFO]: CaveVines Growth Modifier: 100%
[00:14:27] [Server thread/INFO]: Entity Tracking Range: Pl 48 / An 48 / Mo 48 / Mi 32 / Di 128 / Other 64
[00:14:27] [Server thread/INFO]: Experience Merge Radius: 3.0
[00:14:27] [Server thread/INFO]: Hopper Transfer: 8 Hopper Check: 1 Hopper Amount: 1 Hopper Can Load Chunks: false
[00:14:27] [Server thread/INFO]: [HelloWorldPlugin] Disabling HelloWorldPlugin v1.0-SNAPSHOT
[00:14:27] [Server thread/INFO]: [HelloWorldPlugin] gooldBye
[00:14:27] [Server thread/INFO]: [hello_spigot] Disabling hello_spigot v1.0-SNAPSHOT
[00:14:27] [Server thread/INFO]: Loaded 1585 recipes
[00:14:27] [Server thread/INFO]: [hello_spigot] Loading hello_spigot v1.0-SNAPSHOT
[00:14:27] [Server thread/INFO]: [HelloWorldPlugin] Loading HelloWorldPlugin v1.0-SNAPSHOT
[00:14:27] [Server thread/INFO]: [hello_spigot] Enabling hello_spigot v1.0-SNAPSHOT
[00:14:27] [Server thread/INFO]: [hello_spigot] hello plugin
[00:14:27] [Server thread/INFO]: [HelloWorldPlugin] Enabling HelloWorldPlugin v1.0-SNAPSHOT
[00:14:27] [Server thread/INFO]: [HelloWorldPlugin] hello world
[00:14:27] [Server thread/INFO]: Server permissions file permissions.yml is empty, ignoring it
[00:14:27] [Server thread/INFO]: CONSOLE: Reload complete.
[00:14:35] [User Authenticator #12/INFO]: UUID of player hhh is e449d0b6-faa6-3322-9b40-7bed0fe2e69c
[00:14:35] [Server thread/INFO]: 野生的hhh出现了
[00:14:35] [Server thread/INFO]: hhh[/127.0.0.1:58590] logged in with entity id 31607 at ([world]13.699999988079071, 76.0, 12.699999988079071)
[00:16:13] [Server thread/INFO]: hhh lost connection: Disconnected
[00:16:13] [Server thread/INFO]: hhh left the game
[00:17:13] [Server thread/INFO]: Server empty for 60 seconds, pausing
[00:20:00] [Server thread/INFO]: Made hhh a server operator
[00:20:08] [User Authenticator #13/INFO]: UUID of player hhh is e449d0b6-faa6-3322-9b40-7bed0fe2e69c
[00:20:08] [Server thread/INFO]: 野生的hhh出现了
[00:20:08] [Server thread/INFO]: hhh[/127.0.0.1:1628] logged in with entity id 32054 at ([world]14.648168001260036, 80.0, 13.23249065516014)
[00:21:15] [Server thread/INFO]: hhh issued server command: /villager
[00:23:22] [Server thread/INFO]: Unknown command. Type "/help" for help.
[00:24:08] [Server thread/INFO]: Made hhh no longer a server operator
[00:24:19] [Server thread/INFO]: hhh issued server command: /villager
[01:03:32] [Server thread/INFO]: CONSOLE: Please note that this command is not supported and may cause issues when using some plugins.
[01:03:32] [Server thread/INFO]: CONSOLE: If you encounter any issues please use the /stop command to restart your server.
[01:03:32] [Server thread/INFO]: *** This version of Spigot contains changes to some enums. If you notice that plugins no longer work after updating, please report this to the developers of those plugins first. ***
[01:03:32] [Server thread/INFO]: *** If you cannot update those plugins, you can try setting `settings.compatibility.enum-compatibility-mode` to `true` in `bukkit.yml`. ***
[01:03:32] [Server thread/INFO]: Debug logging is disabled
[01:03:32] [Server thread/INFO]: Using 4 threads for Netty based IO
[01:03:32] [Server thread/INFO]: Server Ping Player Sample Count: 12
[01:03:32] [Server thread/INFO]: -------- World Settings For [world] --------
[01:03:32] [Server thread/INFO]: Entity Activation Range: An 32 / Mo 32 / Ra 48 / Mi 16 / Tiv true / Isa false
[01:03:32] [Server thread/INFO]: Item Despawn Rate: 6000
[01:03:32] [Server thread/INFO]: Item Merge Radius: 2.5
[01:03:32] [Server thread/INFO]: Allow Zombie Pigmen to spawn from portal blocks: true
[01:03:32] [Server thread/INFO]: Simulation Distance: 10
[01:03:32] [Server thread/INFO]: View Distance: 10
[01:03:32] [Server thread/INFO]: Arrow Despawn Rate: 1200 Trident Respawn Rate:1200
[01:03:32] [Server thread/INFO]: Zombie Aggressive Towards Villager: true
[01:03:32] [Server thread/INFO]: Nerfing mobs spawned from spawners: false
[01:03:32] [Server thread/INFO]: Mob Spawn Range: 6
[01:03:32] [Server thread/INFO]: Custom Map Seeds:  Village: 10387312 Desert: 14357617 Igloo: 14357618 Jungle: 14357619 Swamp: 14357620 Monument: 10387313 Ocean: 14357621 Shipwreck: 165745295 End City: 10387313 Slime: 987234911 Nether: 30084232 Mansion: 10387319 Fossil: 14357921 Portal: 34222645
[01:03:32] [Server thread/INFO]: Max TNT Explosions: 100
[01:03:32] [Server thread/INFO]: Tile Max Tick Time: 50ms Entity max Tick Time: 50ms
[01:03:32] [Server thread/INFO]: Cactus Growth Modifier: 100%
[01:03:32] [Server thread/INFO]: Cane Growth Modifier: 100%
[01:03:32] [Server thread/INFO]: Melon Growth Modifier: 100%
[01:03:32] [Server thread/INFO]: Mushroom Growth Modifier: 100%
[01:03:32] [Server thread/INFO]: Pumpkin Growth Modifier: 100%
[01:03:32] [Server thread/INFO]: Sapling Growth Modifier: 100%
[01:03:32] [Server thread/INFO]: Beetroot Growth Modifier: 100%
[01:03:32] [Server thread/INFO]: Carrot Growth Modifier: 100%
[01:03:32] [Server thread/INFO]: Potato Growth Modifier: 100%
[01:03:32] [Server thread/INFO]: Wheat Growth Modifier: 100%
[01:03:32] [Server thread/INFO]: NetherWart Growth Modifier: 100%
[01:03:32] [Server thread/INFO]: Vine Growth Modifier: 100%
[01:03:32] [Server thread/INFO]: Cocoa Growth Modifier: 100%
[01:03:32] [Server thread/INFO]: Bamboo Growth Modifier: 100%
[01:03:32] [Server thread/INFO]: SweetBerry Growth Modifier: 100%
[01:03:32] [Server thread/INFO]: Kelp Growth Modifier: 100%
[01:03:32] [Server thread/INFO]: TwistingVines Growth Modifier: 100%
[01:03:32] [Server thread/INFO]: WeepingVines Growth Modifier: 100%
[01:03:32] [Server thread/INFO]: CaveVines Growth Modifier: 100%
[01:03:32] [Server thread/INFO]: Entity Tracking Range: Pl 48 / An 48 / Mo 48 / Mi 32 / Di 128 / Other 64
[01:03:32] [Server thread/INFO]: Experience Merge Radius: 3.0
[01:03:32] [Server thread/INFO]: Hopper Transfer: 8 Hopper Check: 1 Hopper Amount: 1 Hopper Can Load Chunks: false
[01:03:32] [Server thread/INFO]: -------- World Settings For [world_nether] --------
[01:03:32] [Server thread/INFO]: Entity Activation Range: An 32 / Mo 32 / Ra 48 / Mi 16 / Tiv true / Isa false
[01:03:32] [Server thread/INFO]: Item Despawn Rate: 6000
[01:03:32] [Server thread/INFO]: Item Merge Radius: 2.5
[01:03:32] [Server thread/INFO]: Allow Zombie Pigmen to spawn from portal blocks: true
[01:03:32] [Server thread/INFO]: Simulation Distance: 10
[01:03:32] [Server thread/INFO]: View Distance: 10
[01:03:32] [Server thread/INFO]: Arrow Despawn Rate: 1200 Trident Respawn Rate:1200
[01:03:32] [Server thread/INFO]: Zombie Aggressive Towards Villager: true
[01:03:32] [Server thread/INFO]: Nerfing mobs spawned from spawners: false
[01:03:32] [Server thread/INFO]: Mob Spawn Range: 6
[01:03:32] [Server thread/INFO]: Custom Map Seeds:  Village: 10387312 Desert: 14357617 Igloo: 14357618 Jungle: 14357619 Swamp: 14357620 Monument: 10387313 Ocean: 14357621 Shipwreck: 165745295 End City: 10387313 Slime: 987234911 Nether: 30084232 Mansion: 10387319 Fossil: 14357921 Portal: 34222645
[01:03:32] [Server thread/INFO]: Max TNT Explosions: 100
[01:03:32] [Server thread/INFO]: Tile Max Tick Time: 50ms Entity max Tick Time: 50ms
[01:03:32] [Server thread/INFO]: Cactus Growth Modifier: 100%
[01:03:32] [Server thread/INFO]: Cane Growth Modifier: 100%
[01:03:32] [Server thread/INFO]: Melon Growth Modifier: 100%
[01:03:32] [Server thread/INFO]: Mushroom Growth Modifier: 100%
[01:03:32] [Server thread/INFO]: Pumpkin Growth Modifier: 100%
[01:03:32] [Server thread/INFO]: Sapling Growth Modifier: 100%
[01:03:32] [Server thread/INFO]: Beetroot Growth Modifier: 100%
[01:03:32] [Server thread/INFO]: Carrot Growth Modifier: 100%
[01:03:32] [Server thread/INFO]: Potato Growth Modifier: 100%
[01:03:32] [Server thread/INFO]: Wheat Growth Modifier: 100%
[01:03:32] [Server thread/INFO]: NetherWart Growth Modifier: 100%
[01:03:32] [Server thread/INFO]: Vine Growth Modifier: 100%
[01:03:32] [Server thread/INFO]: Cocoa Growth Modifier: 100%
[01:03:32] [Server thread/INFO]: Bamboo Growth Modifier: 100%
[01:03:32] [Server thread/INFO]: SweetBerry Growth Modifier: 100%
[01:03:32] [Server thread/INFO]: Kelp Growth Modifier: 100%
[01:03:32] [Server thread/INFO]: TwistingVines Growth Modifier: 100%
[01:03:32] [Server thread/INFO]: WeepingVines Growth Modifier: 100%
[01:03:32] [Server thread/INFO]: CaveVines Growth Modifier: 100%
[01:03:32] [Server thread/INFO]: Entity Tracking Range: Pl 48 / An 48 / Mo 48 / Mi 32 / Di 128 / Other 64
[01:03:32] [Server thread/INFO]: Experience Merge Radius: 3.0
[01:03:32] [Server thread/INFO]: Hopper Transfer: 8 Hopper Check: 1 Hopper Amount: 1 Hopper Can Load Chunks: false
[01:03:32] [Server thread/INFO]: -------- World Settings For [world_the_end] --------
[01:03:32] [Server thread/INFO]: Entity Activation Range: An 32 / Mo 32 / Ra 48 / Mi 16 / Tiv true / Isa false
[01:03:32] [Server thread/INFO]: Item Despawn Rate: 6000
[01:03:32] [Server thread/INFO]: Item Merge Radius: 2.5
[01:03:32] [Server thread/INFO]: Allow Zombie Pigmen to spawn from portal blocks: true
[01:03:32] [Server thread/INFO]: Simulation Distance: 10
[01:03:32] [Server thread/INFO]: View Distance: 10
[01:03:32] [Server thread/INFO]: Arrow Despawn Rate: 1200 Trident Respawn Rate:1200
[01:03:32] [Server thread/INFO]: Zombie Aggressive Towards Villager: true
[01:03:32] [Server thread/INFO]: Nerfing mobs spawned from spawners: false
[01:03:32] [Server thread/INFO]: Mob Spawn Range: 6
[01:03:32] [Server thread/INFO]: Custom Map Seeds:  Village: 10387312 Desert: 14357617 Igloo: 14357618 Jungle: 14357619 Swamp: 14357620 Monument: 10387313 Ocean: 14357621 Shipwreck: 165745295 End City: 10387313 Slime: 987234911 Nether: 30084232 Mansion: 10387319 Fossil: 14357921 Portal: 34222645
[01:03:32] [Server thread/INFO]: Max TNT Explosions: 100
[01:03:32] [Server thread/INFO]: Tile Max Tick Time: 50ms Entity max Tick Time: 50ms
[01:03:32] [Server thread/INFO]: Cactus Growth Modifier: 100%
[01:03:32] [Server thread/INFO]: Cane Growth Modifier: 100%
[01:03:32] [Server thread/INFO]: Melon Growth Modifier: 100%
[01:03:32] [Server thread/INFO]: Mushroom Growth Modifier: 100%
[01:03:32] [Server thread/INFO]: Pumpkin Growth Modifier: 100%
[01:03:32] [Server thread/INFO]: Sapling Growth Modifier: 100%
[01:03:32] [Server thread/INFO]: Beetroot Growth Modifier: 100%
[01:03:32] [Server thread/INFO]: Carrot Growth Modifier: 100%
[01:03:32] [Server thread/INFO]: Potato Growth Modifier: 100%
[01:03:32] [Server thread/INFO]: Wheat Growth Modifier: 100%
[01:03:32] [Server thread/INFO]: NetherWart Growth Modifier: 100%
[01:03:32] [Server thread/INFO]: Vine Growth Modifier: 100%
[01:03:32] [Server thread/INFO]: Cocoa Growth Modifier: 100%
[01:03:32] [Server thread/INFO]: Bamboo Growth Modifier: 100%
[01:03:32] [Server thread/INFO]: SweetBerry Growth Modifier: 100%
[01:03:32] [Server thread/INFO]: Kelp Growth Modifier: 100%
[01:03:32] [Server thread/INFO]: TwistingVines Growth Modifier: 100%
[01:03:32] [Server thread/INFO]: WeepingVines Growth Modifier: 100%
[01:03:32] [Server thread/INFO]: CaveVines Growth Modifier: 100%
[01:03:32] [Server thread/INFO]: Entity Tracking Range: Pl 48 / An 48 / Mo 48 / Mi 32 / Di 128 / Other 64
[01:03:32] [Server thread/INFO]: Experience Merge Radius: 3.0
[01:03:32] [Server thread/INFO]: Hopper Transfer: 8 Hopper Check: 1 Hopper Amount: 1 Hopper Can Load Chunks: false
[01:03:32] [Server thread/INFO]: [HelloWorldPlugin] Disabling HelloWorldPlugin v1.0-SNAPSHOT
[01:03:32] [Server thread/INFO]: [HelloWorldPlugin] gooldBye
[01:03:32] [Server thread/INFO]: [hello_spigot] Disabling hello_spigot v1.0-SNAPSHOT
[01:03:33] [Server thread/INFO]: Loaded 1585 recipes
[01:03:33] [Server thread/INFO]: [hello_spigot] Loading hello_spigot v1.0-SNAPSHOT
[01:03:33] [Server thread/INFO]: [HelloWorldPlugin] Loading HelloWorldPlugin v1.0-SNAPSHOT
[01:03:33] [Server thread/INFO]: [hello_spigot] Enabling hello_spigot v1.0-SNAPSHOT
[01:03:33] [Server thread/INFO]: [hello_spigot] hello plugin
[01:03:33] [Server thread/INFO]: [HelloWorldPlugin] Enabling HelloWorldPlugin v1.0-SNAPSHOT
[01:03:33] [Server thread/INFO]: [HelloWorldPlugin] hello world
[01:03:33] [Server thread/INFO]: Server permissions file permissions.yml is empty, ignoring it
[01:03:33] [Server thread/INFO]: CONSOLE: Reload complete.
[01:04:24] [Server thread/INFO]: CONSOLE: Please note that this command is not supported and may cause issues when using some plugins.
[01:04:24] [Server thread/INFO]: CONSOLE: If you encounter any issues please use the /stop command to restart your server.
[01:04:24] [Server thread/INFO]: *** This version of Spigot contains changes to some enums. If you notice that plugins no longer work after updating, please report this to the developers of those plugins first. ***
[01:04:24] [Server thread/INFO]: *** If you cannot update those plugins, you can try setting `settings.compatibility.enum-compatibility-mode` to `true` in `bukkit.yml`. ***
[01:04:24] [Server thread/INFO]: Debug logging is disabled
[01:04:24] [Server thread/INFO]: Using 4 threads for Netty based IO
[01:04:24] [Server thread/INFO]: Server Ping Player Sample Count: 12
[01:04:24] [Server thread/INFO]: -------- World Settings For [world] --------
[01:04:24] [Server thread/INFO]: Entity Activation Range: An 32 / Mo 32 / Ra 48 / Mi 16 / Tiv true / Isa false
[01:04:24] [Server thread/INFO]: Item Despawn Rate: 6000
[01:04:24] [Server thread/INFO]: Item Merge Radius: 2.5
[01:04:24] [Server thread/INFO]: Allow Zombie Pigmen to spawn from portal blocks: true
[01:04:24] [Server thread/INFO]: Simulation Distance: 10
[01:04:24] [Server thread/INFO]: View Distance: 10
[01:04:24] [Server thread/INFO]: Arrow Despawn Rate: 1200 Trident Respawn Rate:1200
[01:04:24] [Server thread/INFO]: Zombie Aggressive Towards Villager: true
[01:04:24] [Server thread/INFO]: Nerfing mobs spawned from spawners: false
[01:04:24] [Server thread/INFO]: Mob Spawn Range: 6
[01:04:24] [Server thread/INFO]: Custom Map Seeds:  Village: 10387312 Desert: 14357617 Igloo: 14357618 Jungle: 14357619 Swamp: 14357620 Monument: 10387313 Ocean: 14357621 Shipwreck: 165745295 End City: 10387313 Slime: 987234911 Nether: 30084232 Mansion: 10387319 Fossil: 14357921 Portal: 34222645
[01:04:24] [Server thread/INFO]: Max TNT Explosions: 100
[01:04:24] [Server thread/INFO]: Tile Max Tick Time: 50ms Entity max Tick Time: 50ms
[01:04:24] [Server thread/INFO]: Cactus Growth Modifier: 100%
[01:04:24] [Server thread/INFO]: Cane Growth Modifier: 100%
[01:04:24] [Server thread/INFO]: Melon Growth Modifier: 100%
[01:04:24] [Server thread/INFO]: Mushroom Growth Modifier: 100%
[01:04:24] [Server thread/INFO]: Pumpkin Growth Modifier: 100%
[01:04:24] [Server thread/INFO]: Sapling Growth Modifier: 100%
[01:04:24] [Server thread/INFO]: Beetroot Growth Modifier: 100%
[01:04:24] [Server thread/INFO]: Carrot Growth Modifier: 100%
[01:04:24] [Server thread/INFO]: Potato Growth Modifier: 100%
[01:04:24] [Server thread/INFO]: Wheat Growth Modifier: 100%
[01:04:24] [Server thread/INFO]: NetherWart Growth Modifier: 100%
[01:04:24] [Server thread/INFO]: Vine Growth Modifier: 100%
[01:04:24] [Server thread/INFO]: Cocoa Growth Modifier: 100%
[01:04:24] [Server thread/INFO]: Bamboo Growth Modifier: 100%
[01:04:24] [Server thread/INFO]: SweetBerry Growth Modifier: 100%
[01:04:24] [Server thread/INFO]: Kelp Growth Modifier: 100%
[01:04:24] [Server thread/INFO]: TwistingVines Growth Modifier: 100%
[01:04:24] [Server thread/INFO]: WeepingVines Growth Modifier: 100%
[01:04:24] [Server thread/INFO]: CaveVines Growth Modifier: 100%
[01:04:24] [Server thread/INFO]: Entity Tracking Range: Pl 48 / An 48 / Mo 48 / Mi 32 / Di 128 / Other 64
[01:04:24] [Server thread/INFO]: Experience Merge Radius: 3.0
[01:04:24] [Server thread/INFO]: Hopper Transfer: 8 Hopper Check: 1 Hopper Amount: 1 Hopper Can Load Chunks: false
[01:04:24] [Server thread/INFO]: -------- World Settings For [world_nether] --------
[01:04:24] [Server thread/INFO]: Entity Activation Range: An 32 / Mo 32 / Ra 48 / Mi 16 / Tiv true / Isa false
[01:04:24] [Server thread/INFO]: Item Despawn Rate: 6000
[01:04:24] [Server thread/INFO]: Item Merge Radius: 2.5
[01:04:24] [Server thread/INFO]: Allow Zombie Pigmen to spawn from portal blocks: true
[01:04:24] [Server thread/INFO]: Simulation Distance: 10
[01:04:24] [Server thread/INFO]: View Distance: 10
[01:04:24] [Server thread/INFO]: Arrow Despawn Rate: 1200 Trident Respawn Rate:1200
[01:04:24] [Server thread/INFO]: Zombie Aggressive Towards Villager: true
[01:04:24] [Server thread/INFO]: Nerfing mobs spawned from spawners: false
[01:04:24] [Server thread/INFO]: Mob Spawn Range: 6
[01:04:24] [Server thread/INFO]: Custom Map Seeds:  Village: 10387312 Desert: 14357617 Igloo: 14357618 Jungle: 14357619 Swamp: 14357620 Monument: 10387313 Ocean: 14357621 Shipwreck: 165745295 End City: 10387313 Slime: 987234911 Nether: 30084232 Mansion: 10387319 Fossil: 14357921 Portal: 34222645
[01:04:24] [Server thread/INFO]: Max TNT Explosions: 100
[01:04:24] [Server thread/INFO]: Tile Max Tick Time: 50ms Entity max Tick Time: 50ms
[01:04:24] [Server thread/INFO]: Cactus Growth Modifier: 100%
[01:04:24] [Server thread/INFO]: Cane Growth Modifier: 100%
[01:04:24] [Server thread/INFO]: Melon Growth Modifier: 100%
[01:04:24] [Server thread/INFO]: Mushroom Growth Modifier: 100%
[01:04:24] [Server thread/INFO]: Pumpkin Growth Modifier: 100%
[01:04:24] [Server thread/INFO]: Sapling Growth Modifier: 100%
[01:04:24] [Server thread/INFO]: Beetroot Growth Modifier: 100%
[01:04:24] [Server thread/INFO]: Carrot Growth Modifier: 100%
[01:04:24] [Server thread/INFO]: Potato Growth Modifier: 100%
[01:04:24] [Server thread/INFO]: Wheat Growth Modifier: 100%
[01:04:24] [Server thread/INFO]: NetherWart Growth Modifier: 100%
[01:04:24] [Server thread/INFO]: Vine Growth Modifier: 100%
[01:04:24] [Server thread/INFO]: Cocoa Growth Modifier: 100%
[01:04:24] [Server thread/INFO]: Bamboo Growth Modifier: 100%
[01:04:24] [Server thread/INFO]: SweetBerry Growth Modifier: 100%
[01:04:24] [Server thread/INFO]: Kelp Growth Modifier: 100%
[01:04:24] [Server thread/INFO]: TwistingVines Growth Modifier: 100%
[01:04:24] [Server thread/INFO]: WeepingVines Growth Modifier: 100%
[01:04:24] [Server thread/INFO]: CaveVines Growth Modifier: 100%
[01:04:24] [Server thread/INFO]: Entity Tracking Range: Pl 48 / An 48 / Mo 48 / Mi 32 / Di 128 / Other 64
[01:04:24] [Server thread/INFO]: Experience Merge Radius: 3.0
[01:04:24] [Server thread/INFO]: Hopper Transfer: 8 Hopper Check: 1 Hopper Amount: 1 Hopper Can Load Chunks: false
[01:04:24] [Server thread/INFO]: -------- World Settings For [world_the_end] --------
[01:04:24] [Server thread/INFO]: Entity Activation Range: An 32 / Mo 32 / Ra 48 / Mi 16 / Tiv true / Isa false
[01:04:24] [Server thread/INFO]: Item Despawn Rate: 6000
[01:04:24] [Server thread/INFO]: Item Merge Radius: 2.5
[01:04:24] [Server thread/INFO]: Allow Zombie Pigmen to spawn from portal blocks: true
[01:04:24] [Server thread/INFO]: Simulation Distance: 10
[01:04:24] [Server thread/INFO]: View Distance: 10
[01:04:24] [Server thread/INFO]: Arrow Despawn Rate: 1200 Trident Respawn Rate:1200
[01:04:24] [Server thread/INFO]: Zombie Aggressive Towards Villager: true
[01:04:24] [Server thread/INFO]: Nerfing mobs spawned from spawners: false
[01:04:24] [Server thread/INFO]: Mob Spawn Range: 6
[01:04:24] [Server thread/INFO]: Custom Map Seeds:  Village: 10387312 Desert: 14357617 Igloo: 14357618 Jungle: 14357619 Swamp: 14357620 Monument: 10387313 Ocean: 14357621 Shipwreck: 165745295 End City: 10387313 Slime: 987234911 Nether: 30084232 Mansion: 10387319 Fossil: 14357921 Portal: 34222645
[01:04:24] [Server thread/INFO]: Max TNT Explosions: 100
[01:04:24] [Server thread/INFO]: Tile Max Tick Time: 50ms Entity max Tick Time: 50ms
[01:04:24] [Server thread/INFO]: Cactus Growth Modifier: 100%
[01:04:24] [Server thread/INFO]: Cane Growth Modifier: 100%
[01:04:24] [Server thread/INFO]: Melon Growth Modifier: 100%
[01:04:24] [Server thread/INFO]: Mushroom Growth Modifier: 100%
[01:04:24] [Server thread/INFO]: Pumpkin Growth Modifier: 100%
[01:04:24] [Server thread/INFO]: Sapling Growth Modifier: 100%
[01:04:24] [Server thread/INFO]: Beetroot Growth Modifier: 100%
[01:04:24] [Server thread/INFO]: Carrot Growth Modifier: 100%
[01:04:24] [Server thread/INFO]: Potato Growth Modifier: 100%
[01:04:24] [Server thread/INFO]: Wheat Growth Modifier: 100%
[01:04:24] [Server thread/INFO]: NetherWart Growth Modifier: 100%
[01:04:24] [Server thread/INFO]: Vine Growth Modifier: 100%
[01:04:24] [Server thread/INFO]: Cocoa Growth Modifier: 100%
[01:04:24] [Server thread/INFO]: Bamboo Growth Modifier: 100%
[01:04:24] [Server thread/INFO]: SweetBerry Growth Modifier: 100%
[01:04:24] [Server thread/INFO]: Kelp Growth Modifier: 100%
[01:04:24] [Server thread/INFO]: TwistingVines Growth Modifier: 100%
[01:04:24] [Server thread/INFO]: WeepingVines Growth Modifier: 100%
[01:04:24] [Server thread/INFO]: CaveVines Growth Modifier: 100%
[01:04:24] [Server thread/INFO]: Entity Tracking Range: Pl 48 / An 48 / Mo 48 / Mi 32 / Di 128 / Other 64
[01:04:24] [Server thread/INFO]: Experience Merge Radius: 3.0
[01:04:24] [Server thread/INFO]: Hopper Transfer: 8 Hopper Check: 1 Hopper Amount: 1 Hopper Can Load Chunks: false
[01:04:24] [Server thread/INFO]: [HelloWorldPlugin] Disabling HelloWorldPlugin v1.0-SNAPSHOT
[01:04:24] [Server thread/INFO]: [HelloWorldPlugin] gooldBye
[01:04:24] [Server thread/INFO]: [hello_spigot] Disabling hello_spigot v1.0-SNAPSHOT
[01:04:24] [Server thread/INFO]: Loaded 1585 recipes
[01:04:24] [Server thread/INFO]: [hello_spigot] Loading hello_spigot v1.0-SNAPSHOT
[01:04:24] [Server thread/INFO]: [HelloWorldPlugin] Loading HelloWorldPlugin v1.0-SNAPSHOT
[01:04:24] [Server thread/INFO]: [hello_spigot] Enabling hello_spigot v1.0-SNAPSHOT
[01:04:24] [Server thread/INFO]: [hello_spigot] hello plugin
[01:04:24] [Server thread/INFO]: [HelloWorldPlugin] Enabling HelloWorldPlugin v1.0-SNAPSHOT
[01:04:24] [Server thread/INFO]: [HelloWorldPlugin] hello world
[01:04:24] [Server thread/INFO]: Server permissions file permissions.yml is empty, ignoring it
[01:04:24] [Server thread/INFO]: CONSOLE: Reload complete.
[01:04:34] [Server thread/INFO]: hhh lost connection: Disconnected
[01:04:34] [Server thread/INFO]: hhh left the game
[01:04:37] [User Authenticator #14/INFO]: UUID of player hhh is e449d0b6-faa6-3322-9b40-7bed0fe2e69c
[01:04:37] [Server thread/INFO]: 野生的hhh出现了
[01:04:37] [Server thread/INFO]: hhh[/127.0.0.1:24166] logged in with entity id 36745 at ([world]14.051414484546658, 77.0, 9.905614917691599)
[01:05:42] [Server thread/INFO]: hhh lost connection: Disconnected
[01:05:42] [Server thread/INFO]: hhh left the game
[01:05:47] [Server thread/INFO]: Made hhh a server operator
[01:05:53] [User Authenticator #15/INFO]: UUID of player hhh is e449d0b6-faa6-3322-9b40-7bed0fe2e69c
[01:05:53] [Server thread/INFO]: 野生的hhh出现了
[01:05:53] [Server thread/INFO]: hhh[/127.0.0.1:57763] logged in with entity id 37114 at ([world]14.051414484546658, 77.0, 9.905614917691599)
[01:05:57] [Server thread/INFO]: hhh issued server command: /task
[01:20:55] [Server thread/INFO]: hhh was slain by Phantom
[02:09:40] [Server thread/INFO]: hhh lost connection: Disconnected
[02:09:40] [Server thread/INFO]: hhh left the game
[02:09:44] [Server thread/INFO]: CONSOLE: Please note that this command is not supported and may cause issues when using some plugins.
[02:09:44] [Server thread/INFO]: CONSOLE: If you encounter any issues please use the /stop command to restart your server.
[02:09:44] [Server thread/INFO]: *** This version of Spigot contains changes to some enums. If you notice that plugins no longer work after updating, please report this to the developers of those plugins first. ***
[02:09:44] [Server thread/INFO]: *** If you cannot update those plugins, you can try setting `settings.compatibility.enum-compatibility-mode` to `true` in `bukkit.yml`. ***
[02:09:44] [Server thread/INFO]: Debug logging is disabled
[02:09:44] [Server thread/INFO]: Using 4 threads for Netty based IO
[02:09:44] [Server thread/INFO]: Server Ping Player Sample Count: 12
[02:09:44] [Server thread/INFO]: -------- World Settings For [world] --------
[02:09:44] [Server thread/INFO]: Entity Activation Range: An 32 / Mo 32 / Ra 48 / Mi 16 / Tiv true / Isa false
[02:09:44] [Server thread/INFO]: Item Despawn Rate: 6000
[02:09:44] [Server thread/INFO]: Item Merge Radius: 2.5
[02:09:44] [Server thread/INFO]: Allow Zombie Pigmen to spawn from portal blocks: true
[02:09:44] [Server thread/INFO]: Simulation Distance: 10
[02:09:44] [Server thread/INFO]: View Distance: 10
[02:09:44] [Server thread/INFO]: Arrow Despawn Rate: 1200 Trident Respawn Rate:1200
[02:09:44] [Server thread/INFO]: Zombie Aggressive Towards Villager: true
[02:09:44] [Server thread/INFO]: Nerfing mobs spawned from spawners: false
[02:09:44] [Server thread/INFO]: Mob Spawn Range: 6
[02:09:44] [Server thread/INFO]: Custom Map Seeds:  Village: 10387312 Desert: 14357617 Igloo: 14357618 Jungle: 14357619 Swamp: 14357620 Monument: 10387313 Ocean: 14357621 Shipwreck: 165745295 End City: 10387313 Slime: 987234911 Nether: 30084232 Mansion: 10387319 Fossil: 14357921 Portal: 34222645
[02:09:44] [Server thread/INFO]: Max TNT Explosions: 100
[02:09:44] [Server thread/INFO]: Tile Max Tick Time: 50ms Entity max Tick Time: 50ms
[02:09:44] [Server thread/INFO]: Cactus Growth Modifier: 100%
[02:09:44] [Server thread/INFO]: Cane Growth Modifier: 100%
[02:09:44] [Server thread/INFO]: Melon Growth Modifier: 100%
[02:09:44] [Server thread/INFO]: Mushroom Growth Modifier: 100%
[02:09:44] [Server thread/INFO]: Pumpkin Growth Modifier: 100%
[02:09:44] [Server thread/INFO]: Sapling Growth Modifier: 100%
[02:09:44] [Server thread/INFO]: Beetroot Growth Modifier: 100%
[02:09:44] [Server thread/INFO]: Carrot Growth Modifier: 100%
[02:09:44] [Server thread/INFO]: Potato Growth Modifier: 100%
[02:09:44] [Server thread/INFO]: Wheat Growth Modifier: 100%
[02:09:44] [Server thread/INFO]: NetherWart Growth Modifier: 100%
[02:09:44] [Server thread/INFO]: Vine Growth Modifier: 100%
[02:09:44] [Server thread/INFO]: Cocoa Growth Modifier: 100%
[02:09:44] [Server thread/INFO]: Bamboo Growth Modifier: 100%
[02:09:44] [Server thread/INFO]: SweetBerry Growth Modifier: 100%
[02:09:44] [Server thread/INFO]: Kelp Growth Modifier: 100%
[02:09:44] [Server thread/INFO]: TwistingVines Growth Modifier: 100%
[02:09:44] [Server thread/INFO]: WeepingVines Growth Modifier: 100%
[02:09:44] [Server thread/INFO]: CaveVines Growth Modifier: 100%
[02:09:44] [Server thread/INFO]: Entity Tracking Range: Pl 48 / An 48 / Mo 48 / Mi 32 / Di 128 / Other 64
[02:09:44] [Server thread/INFO]: Experience Merge Radius: 3.0
[02:09:44] [Server thread/INFO]: Hopper Transfer: 8 Hopper Check: 1 Hopper Amount: 1 Hopper Can Load Chunks: false
[02:09:44] [Server thread/INFO]: -------- World Settings For [world_nether] --------
[02:09:44] [Server thread/INFO]: Entity Activation Range: An 32 / Mo 32 / Ra 48 / Mi 16 / Tiv true / Isa false
[02:09:44] [Server thread/INFO]: Item Despawn Rate: 6000
[02:09:44] [Server thread/INFO]: Item Merge Radius: 2.5
[02:09:44] [Server thread/INFO]: Allow Zombie Pigmen to spawn from portal blocks: true
[02:09:44] [Server thread/INFO]: Simulation Distance: 10
[02:09:44] [Server thread/INFO]: View Distance: 10
[02:09:44] [Server thread/INFO]: Arrow Despawn Rate: 1200 Trident Respawn Rate:1200
[02:09:44] [Server thread/INFO]: Zombie Aggressive Towards Villager: true
[02:09:44] [Server thread/INFO]: Nerfing mobs spawned from spawners: false
[02:09:44] [Server thread/INFO]: Mob Spawn Range: 6
[02:09:44] [Server thread/INFO]: Custom Map Seeds:  Village: 10387312 Desert: 14357617 Igloo: 14357618 Jungle: 14357619 Swamp: 14357620 Monument: 10387313 Ocean: 14357621 Shipwreck: 165745295 End City: 10387313 Slime: 987234911 Nether: 30084232 Mansion: 10387319 Fossil: 14357921 Portal: 34222645
[02:09:44] [Server thread/INFO]: Max TNT Explosions: 100
[02:09:44] [Server thread/INFO]: Tile Max Tick Time: 50ms Entity max Tick Time: 50ms
[02:09:44] [Server thread/INFO]: Cactus Growth Modifier: 100%
[02:09:44] [Server thread/INFO]: Cane Growth Modifier: 100%
[02:09:44] [Server thread/INFO]: Melon Growth Modifier: 100%
[02:09:44] [Server thread/INFO]: Mushroom Growth Modifier: 100%
[02:09:44] [Server thread/INFO]: Pumpkin Growth Modifier: 100%
[02:09:44] [Server thread/INFO]: Sapling Growth Modifier: 100%
[02:09:44] [Server thread/INFO]: Beetroot Growth Modifier: 100%
[02:09:44] [Server thread/INFO]: Carrot Growth Modifier: 100%
[02:09:44] [Server thread/INFO]: Potato Growth Modifier: 100%
[02:09:44] [Server thread/INFO]: Wheat Growth Modifier: 100%
[02:09:44] [Server thread/INFO]: NetherWart Growth Modifier: 100%
[02:09:44] [Server thread/INFO]: Vine Growth Modifier: 100%
[02:09:44] [Server thread/INFO]: Cocoa Growth Modifier: 100%
[02:09:44] [Server thread/INFO]: Bamboo Growth Modifier: 100%
[02:09:44] [Server thread/INFO]: SweetBerry Growth Modifier: 100%
[02:09:44] [Server thread/INFO]: Kelp Growth Modifier: 100%
[02:09:44] [Server thread/INFO]: TwistingVines Growth Modifier: 100%
[02:09:44] [Server thread/INFO]: WeepingVines Growth Modifier: 100%
[02:09:44] [Server thread/INFO]: CaveVines Growth Modifier: 100%
[02:09:44] [Server thread/INFO]: Entity Tracking Range: Pl 48 / An 48 / Mo 48 / Mi 32 / Di 128 / Other 64
[02:09:44] [Server thread/INFO]: Experience Merge Radius: 3.0
[02:09:44] [Server thread/INFO]: Hopper Transfer: 8 Hopper Check: 1 Hopper Amount: 1 Hopper Can Load Chunks: false
[02:09:44] [Server thread/INFO]: -------- World Settings For [world_the_end] --------
[02:09:44] [Server thread/INFO]: Entity Activation Range: An 32 / Mo 32 / Ra 48 / Mi 16 / Tiv true / Isa false
[02:09:44] [Server thread/INFO]: Item Despawn Rate: 6000
[02:09:44] [Server thread/INFO]: Item Merge Radius: 2.5
[02:09:44] [Server thread/INFO]: Allow Zombie Pigmen to spawn from portal blocks: true
[02:09:44] [Server thread/INFO]: Simulation Distance: 10
[02:09:44] [Server thread/INFO]: View Distance: 10
[02:09:44] [Server thread/INFO]: Arrow Despawn Rate: 1200 Trident Respawn Rate:1200
[02:09:44] [Server thread/INFO]: Zombie Aggressive Towards Villager: true
[02:09:44] [Server thread/INFO]: Nerfing mobs spawned from spawners: false
[02:09:44] [Server thread/INFO]: Mob Spawn Range: 6
[02:09:44] [Server thread/INFO]: Custom Map Seeds:  Village: 10387312 Desert: 14357617 Igloo: 14357618 Jungle: 14357619 Swamp: 14357620 Monument: 10387313 Ocean: 14357621 Shipwreck: 165745295 End City: 10387313 Slime: 987234911 Nether: 30084232 Mansion: 10387319 Fossil: 14357921 Portal: 34222645
[02:09:44] [Server thread/INFO]: Max TNT Explosions: 100
[02:09:44] [Server thread/INFO]: Tile Max Tick Time: 50ms Entity max Tick Time: 50ms
[02:09:44] [Server thread/INFO]: Cactus Growth Modifier: 100%
[02:09:44] [Server thread/INFO]: Cane Growth Modifier: 100%
[02:09:44] [Server thread/INFO]: Melon Growth Modifier: 100%
[02:09:44] [Server thread/INFO]: Mushroom Growth Modifier: 100%
[02:09:44] [Server thread/INFO]: Pumpkin Growth Modifier: 100%
[02:09:44] [Server thread/INFO]: Sapling Growth Modifier: 100%
[02:09:44] [Server thread/INFO]: Beetroot Growth Modifier: 100%
[02:09:44] [Server thread/INFO]: Carrot Growth Modifier: 100%
[02:09:44] [Server thread/INFO]: Potato Growth Modifier: 100%
[02:09:44] [Server thread/INFO]: Wheat Growth Modifier: 100%
[02:09:44] [Server thread/INFO]: NetherWart Growth Modifier: 100%
[02:09:44] [Server thread/INFO]: Vine Growth Modifier: 100%
[02:09:44] [Server thread/INFO]: Cocoa Growth Modifier: 100%
[02:09:44] [Server thread/INFO]: Bamboo Growth Modifier: 100%
[02:09:44] [Server thread/INFO]: SweetBerry Growth Modifier: 100%
[02:09:44] [Server thread/INFO]: Kelp Growth Modifier: 100%
[02:09:44] [Server thread/INFO]: TwistingVines Growth Modifier: 100%
[02:09:44] [Server thread/INFO]: WeepingVines Growth Modifier: 100%
[02:09:44] [Server thread/INFO]: CaveVines Growth Modifier: 100%
[02:09:44] [Server thread/INFO]: Entity Tracking Range: Pl 48 / An 48 / Mo 48 / Mi 32 / Di 128 / Other 64
[02:09:44] [Server thread/INFO]: Experience Merge Radius: 3.0
[02:09:44] [Server thread/INFO]: Hopper Transfer: 8 Hopper Check: 1 Hopper Amount: 1 Hopper Can Load Chunks: false
[02:09:44] [Server thread/INFO]: [HelloWorldPlugin] Disabling HelloWorldPlugin v1.0-SNAPSHOT
[02:09:44] [Server thread/INFO]: [HelloWorldPlugin] gooldBye
[02:09:44] [Server thread/INFO]: [hello_spigot] Disabling hello_spigot v1.0-SNAPSHOT
[02:09:45] [Server thread/INFO]: Loaded 1585 recipes
[02:09:45] [Server thread/INFO]: [hello_spigot] Loading hello_spigot v1.0-SNAPSHOT
[02:09:45] [Server thread/INFO]: [HelloWorldPlugin] Loading HelloWorldPlugin v1.0-SNAPSHOT
[02:09:45] [Server thread/INFO]: [hello_spigot] Enabling hello_spigot v1.0-SNAPSHOT
[02:09:45] [Server thread/INFO]: [hello_spigot] hello plugin
[02:09:45] [Server thread/INFO]: [HelloWorldPlugin] Enabling HelloWorldPlugin v1.0-SNAPSHOT
[02:09:45] [Server thread/INFO]: [HelloWorldPlugin] hello world
[02:09:45] [Server thread/INFO]: Server permissions file permissions.yml is empty, ignoring it
[02:09:45] [Server thread/INFO]: CONSOLE: Reload complete.
[02:10:33] [Server thread/INFO]: No player was found
[02:10:38] [User Authenticator #16/INFO]: UUID of player hhh is e449d0b6-faa6-3322-9b40-7bed0fe2e69c
[02:10:39] [Server thread/INFO]: 野生的hhh出现了
[02:10:39] [Server thread/INFO]: hhh[/127.0.0.1:4931] logged in with entity id 44125 at ([world]13.699999988079071, 76.0, 12.443445322349707)
[02:10:54] [Server thread/INFO]: Gave 10 [Golden Apple] to hhh
[02:18:47] [Server thread/INFO]: Stopping the server
[02:18:47] [Server thread/INFO]: Stopping server
[02:18:47] [Server thread/INFO]: [HelloWorldPlugin] Disabling HelloWorldPlugin v1.0-SNAPSHOT
[02:18:47] [Server thread/INFO]: [HelloWorldPlugin] gooldBye
[02:18:47] [Server thread/INFO]: [hello_spigot] Disabling hello_spigot v1.0-SNAPSHOT
[02:18:47] [Server thread/INFO]: Saving players
[02:18:47] [Server thread/INFO]: hhh lost connection: Server closed
[02:18:47] [Server thread/INFO]: hhh left the game.
[02:18:47] [Server thread/INFO]: Saving worlds
[02:18:48] [Server thread/INFO]: Saving chunks for level 'ServerLevel[world]'/minecraft:overworld
[02:18:49] [Server thread/INFO]: Saving chunks for level 'ServerLevel[world_nether]'/minecraft:the_nether
[02:18:49] [Server thread/INFO]: Saving chunks for level 'ServerLevel[world_the_end]'/minecraft:the_end
[02:18:49] [Server thread/INFO]: ThreadedAnvilChunkStorage (world): All chunks are saved
[02:18:49] [Server thread/INFO]: ThreadedAnvilChunkStorage (DIM-1): All chunks are saved
[02:18:49] [Server thread/INFO]: ThreadedAnvilChunkStorage (DIM1): All chunks are saved
[02:18:49] [Server thread/INFO]: ThreadedAnvilChunkStorage: All dimensions are saved
